// Jest Snapshot v1, https://goo.gl/fbAQLP

exports[`renders correctly 1`] = `
<div>
  <h1>
    personalInformation
  </h1>
  <div
    className="grid-container"
    data-testid="gridContainer"
  >
    <div
      className="grid-row"
      data-testid="grid"
    >
      <div
        className="grid-col-4 usa-form-group"
        data-testid="grid"
      >
        <label
          className="usa-label text-bold text-underline text-info-darker"
          data-testid="label"
          htmlFor="firstName"
        >
          firstNameLabel
        </label>
        <input
          className="usa-input"
          data-testid="textInput"
          id="firstName"
          name="firstName"
          onChange={[Function]}
          placeholder="firstNamePlaceholder"
          style={
            {
              "width": "calc(100% - 16px)",
            }
          }
          type="text"
          value=""
        />
      </div>
      <div
        className="grid-col-4 usa-form-group"
        data-testid="grid"
      >
        <label
          className="usa-label text-bold text-underline text-info-darker"
          data-testid="label"
          htmlFor="lastName"
        >
          lastNameLabel
        </label>
        <input
          className="usa-input"
          data-testid="textInput"
          id="lastName"
          name="lastName"
          onChange={[Function]}
          placeholder="lastNamePlaceholder"
          style={
            {
              "width": "calc(100% - 16px)",
            }
          }
          type="text"
          value=""
        />
      </div>
      <div
        className="grid-col-4 usa-form-group"
        data-testid="grid"
      >
        <label
          className="usa-label text-bold text-underline text-info-darker"
          data-testid="label"
          htmlFor="email"
        >
          emailLabel
        </label>
        <input
          className="usa-input"
          data-testid="textInput"
          id="email"
          name="email"
          onChange={[Function]}
          placeholder="emailPlaceholder"
          style={
            {
              "width": "calc(100% - 16px)",
            }
          }
          type="email"
          value=""
        />
      </div>
      <div
        className="grid-col-6 usa-form-group"
        data-testid="grid"
      >
        <label
          className="usa-label text-bold text-underline text-info-darker"
          data-testid="label"
          htmlFor="streetAddress1"
        >
          streetAddress1Label
        </label>
        <input
          className="usa-input"
          data-testid="textInput"
          id="streetAddress1"
          name="streetAddress1"
          onChange={[Function]}
          placeholder="streetAddress1Placeholder"
          style={
            {
              "width": "calc(100% - 16px)",
            }
          }
          type="text"
          value=""
        />
      </div>
      <div
        className="grid-col-6 usa-form-group"
        data-testid="grid"
      >
        <label
          className="usa-label text-bold text-underline text-info-darker"
          data-testid="label"
          htmlFor="streetAddress2"
        >
          streetAddress2Label
           
          <span
            className="text-italic"
          >
            - 
            optional
          </span>
        </label>
        <input
          className="usa-input"
          data-testid="textInput"
          id="streetAddress2"
          name="streetAddress2"
          onChange={[Function]}
          placeholder="streetAddress2Placeholder"
          style={
            {
              "width": "calc(100% - 16px)",
            }
          }
          type="text"
          value=""
        />
      </div>
      <div
        className="grid-col-4 usa-form-group"
        data-testid="grid"
      >
        <label
          className="usa-label text-bold text-underline text-info-darker"
          data-testid="label"
          htmlFor="city"
        >
          cityLabel
        </label>
        <input
          className="usa-input"
          data-testid="textInput"
          id="city"
          name="city"
          onChange={[Function]}
          placeholder="cityPlaceholder"
          style={
            {
              "width": "calc(100% - 16px)",
            }
          }
          type="text"
          value=""
        />
      </div>
      <div
        className="grid-col-4 usa-form-group"
        data-testid="grid"
      >
        <label
          className="usa-label text-bold text-underline text-info-darker"
          data-testid="label"
          htmlFor="state"
        >
          stateLabel
        </label>
        <select
          className="usa-select"
          data-testid="Select"
          id="state"
          name="state"
          onChange={[Function]}
          style={
            {
              "width": "calc(100% - 16px)",
            }
          }
          value=""
        >
          <option
            value=""
          >
            statePlaceholder
          </option>
          <option
            value="Alabama"
          >
            Alabama
          </option>
          <option
            value="Alaska"
          >
            Alaska
          </option>
          <option
            value="Arizona"
          >
            Arizona
          </option>
          <option
            value="Arkansas"
          >
            Arkansas
          </option>
          <option
            value="California"
          >
            California
          </option>
          <option
            value="Colorado"
          >
            Colorado
          </option>
          <option
            value="Connecticut"
          >
            Connecticut
          </option>
          <option
            value="Delaware"
          >
            Delaware
          </option>
          <option
            value="District Of Columbia"
          >
            District Of Columbia
          </option>
          <option
            value="Florida"
          >
            Florida
          </option>
          <option
            value="Georgia"
          >
            Georgia
          </option>
          <option
            value="Hawaii"
          >
            Hawaii
          </option>
          <option
            value="Idaho"
          >
            Idaho
          </option>
          <option
            value="Illinois"
          >
            Illinois
          </option>
          <option
            value="Indiana"
          >
            Indiana
          </option>
          <option
            value="Iowa"
          >
            Iowa
          </option>
          <option
            value="Kansas"
          >
            Kansas
          </option>
          <option
            value="Kentucky"
          >
            Kentucky
          </option>
          <option
            value="Louisiana"
          >
            Louisiana
          </option>
          <option
            value="Maine"
          >
            Maine
          </option>
          <option
            value="Maryland"
          >
            Maryland
          </option>
          <option
            value="Massachusetts"
          >
            Massachusetts
          </option>
          <option
            value="Michigan"
          >
            Michigan
          </option>
          <option
            value="Minnesota"
          >
            Minnesota
          </option>
          <option
            value="Mississippi"
          >
            Mississippi
          </option>
          <option
            value="Missouri"
          >
            Missouri
          </option>
          <option
            value="Montana"
          >
            Montana
          </option>
          <option
            value="Nebraska"
          >
            Nebraska
          </option>
          <option
            value="Nevada"
          >
            Nevada
          </option>
          <option
            value="New Hampshire"
          >
            New Hampshire
          </option>
          <option
            value="New Jersey"
          >
            New Jersey
          </option>
          <option
            value="New Mexico"
          >
            New Mexico
          </option>
          <option
            value="New York"
          >
            New York
          </option>
          <option
            value="North Carolina"
          >
            North Carolina
          </option>
          <option
            value="North Dakota"
          >
            North Dakota
          </option>
          <option
            value="Ohio"
          >
            Ohio
          </option>
          <option
            value="Oklahoma"
          >
            Oklahoma
          </option>
          <option
            value="Oregon"
          >
            Oregon
          </option>
          <option
            value="Pennsylvania"
          >
            Pennsylvania
          </option>
          <option
            value="Rhode Island"
          >
            Rhode Island
          </option>
          <option
            value="South Carolina"
          >
            South Carolina
          </option>
          <option
            value="South Dakota"
          >
            South Dakota
          </option>
          <option
            value="Tennessee"
          >
            Tennessee
          </option>
          <option
            value="Texas"
          >
            Texas
          </option>
          <option
            value="Utah"
          >
            Utah
          </option>
          <option
            value="Vermont"
          >
            Vermont
          </option>
          <option
            value="Virginia"
          >
            Virginia
          </option>
          <option
            value="Washington"
          >
            Washington
          </option>
          <option
            value="West Virginia"
          >
            West Virginia
          </option>
          <option
            value="Wisconsin"
          >
            Wisconsin
          </option>
          <option
            value="Wyoming"
          >
            Wyoming
          </option>
        </select>
      </div>
      <div
        className="grid-col-4 usa-form-group"
        data-testid="grid"
      >
        <label
          className="usa-label text-bold text-underline text-info-darker"
          data-testid="label"
          htmlFor="zip"
        >
          zipLabel
        </label>
        <input
          className="usa-input"
          data-testid="textInput"
          id="zip"
          name="zip"
          onChange={[Function]}
          placeholder="Ex: 12345"
          style={
            {
              "width": "calc(100% - 16px)",
            }
          }
          type="text"
          value=""
        />
      </div>
      <div
        className="grid-col-4 usa-form-group"
        data-testid="grid"
      >
        <label
          className="usa-label text-bold text-underline text-info-darker"
          data-testid="label"
          htmlFor="ssn"
        >
          ssnLabel
        </label>
        <input
          className="usa-input"
          data-testid="textInput"
          id="ssn"
          maxLength={11}
          name="ssn"
          onChange={[Function]}
          pattern="\\d{3}-\\d{2}-\\d{4}"
          placeholder="123-45-6789"
          style={
            {
              "width": "calc(100% - 16px)",
            }
          }
          type="text"
          value=""
        />
      </div>
      <div
        className="grid-col-4 usa-form-group"
        data-testid="grid"
      >
        <label
          className="usa-label text-bold text-underline text-info-darker"
          data-testid="label"
          htmlFor="filingStatus"
        >
          filingStatusLabel
        </label>
        <select
          className="usa-select"
          data-testid="Select"
          id="filingStatus"
          name="filingStatus"
          onChange={[Function]}
          style={
            {
              "width": "calc(100% - 16px)",
            }
          }
          value=""
        >
          <option
            value=""
          >
            filingStatusPlaceholder
          </option>
          <option
            value="Single"
          >
            single
          </option>
          <option
            value="Married"
          >
            married
          </option>
          <option
            value="Married File Separate"
          >
            marriedFileSeparate
          </option>
        </select>
      </div>
      <div
        className="grid-col-4 usa-form-group"
        data-testid="grid"
      >
        <label
          className="usa-label text-bold text-underline text-info-darker"
          data-testid="label"
          htmlFor="dependents"
        >
          dependentsLabel
        </label>
        <input
          className="usa-input"
          data-testid="textInput"
          id="dependents"
          name="dependents"
          onChange={[Function]}
          placeholder="Ex: 0"
          style={
            {
              "width": "calc(100% - 16px)",
            }
          }
          type="number"
          value={0}
        />
      </div>
      <div
        className="grid-col-6 usa-form-group"
        data-testid="grid"
      >
        <label
          className="usa-label text-bold text-underline text-info-darker"
          data-testid="label"
          htmlFor="dateOfBirth"
        >
          dateOfBirthLabel
        </label>
        <div
          className="usa-memorable-date"
          data-testid="dateInputGroup"
        >
          <div
            className="usa-form-group usa-form-group--month usa-form-group--select"
            data-testid="formGroup"
          >
            <label
              className="usa-label"
              data-testid="label"
              htmlFor="month"
            >
              monthLabel
            </label>
            <select
              className="usa-select"
              data-testid="Select"
              id="month"
              name="month"
              onChange={[Function]}
              value=""
            >
              <option
                value=""
              >
                monthPlaceholder
              </option>
              <option
                value="01"
              >
                january
              </option>
              <option
                value="02"
              >
                february
              </option>
              <option
                value="03"
              >
                march
              </option>
              <option
                value="04"
              >
                april
              </option>
              <option
                value="05"
              >
                may
              </option>
              <option
                value="06"
              >
                june
              </option>
              <option
                value="07"
              >
                july
              </option>
              <option
                value="08"
              >
                august
              </option>
              <option
                value="09"
              >
                september
              </option>
              <option
                value="10"
              >
                october
              </option>
              <option
                value="11"
              >
                november
              </option>
              <option
                value="12"
              >
                december
              </option>
            </select>
          </div>
          <div
            className="usa-form-group usa-form-group--day"
            data-testid="formGroup"
          >
            <label
              className="usa-label"
              data-testid="label"
              htmlFor="day"
            >
              dayLabel
            </label>
            <input
              className="usa-input"
              data-testid="textInput"
              id="day"
              inputMode="numeric"
              maxLength={2}
              minLength={2}
              name="day"
              onChange={[Function]}
              pattern="[0-9]*"
              placeholder="Ex:7"
              style={
                {
                  "marginRight": "8px",
                }
              }
              type="text"
              value=""
            />
          </div>
          <div
            className="usa-form-group usa-form-group--year"
            data-testid="formGroup"
          >
            <label
              className="usa-label"
              data-testid="label"
              htmlFor="year"
            >
              yearLabel
            </label>
            <input
              className="usa-input"
              data-testid="textInput"
              id="year"
              inputMode="numeric"
              maxLength={4}
              minLength={4}
              name="year"
              onChange={[Function]}
              pattern="[0-9]*"
              placeholder="Ex:2000"
              type="text"
              value=""
            />
          </div>
        </div>
      </div>
    </div>
  </div>
  <div
    className="grid-container"
    data-testid="gridContainer"
  >
    <div
      className="grid-row"
      data-testid="grid"
    >
      <div
        className="grid-col-12 usa-form-group"
        data-testid="grid"
      >
        <button
          className="usa-button usa-button--base"
          data-testid="button"
          onClick={[Function]}
          style={
            {
              "marginBottom": "20px",
            }
          }
          type="button"
        >
          homeButton
        </button>
        <button
          className="usa-button"
          data-testid="button"
          onClick={[Function]}
          type="button"
        >
          continueButton
        </button>
      </div>
    </div>
  </div>
</div>
`;
