// Jest Snapshot v1, https://goo.gl/fbAQLP

exports[`renders correctly 1`] = `
<div>
  <h1>
    personalInformation
  </h1>
  <div
    className="grid-container"
    data-testid="gridContainer"
  >
    <div
      className="grid-row"
      data-testid="grid"
    >
      <div
        className="grid-col-4 usa-form-group"
        data-testid="grid"
      >
        <label
          className="usa-label text-bold text-underline text-info-darker"
          data-testid="label"
          htmlFor="firstName"
        >
          firstNameLabel
        </label>
        <input
          className="usa-input"
          data-testid="textInput"
          id="firstName"
          name="firstName"
          onChange={[Function]}
          placeholder="firstNamePlaceholder"
          style={
            {
              "width": "calc(100% - 16px)",
            }
          }
          type="text"
          value=""
        />
      </div>
      <div
        className="grid-col-4 usa-form-group"
        data-testid="grid"
      >
        <label
          className="usa-label text-bold text-underline text-info-darker"
          data-testid="label"
          htmlFor="lastName"
        >
          lastNameLabel
        </label>
        <input
          className="usa-input"
          data-testid="textInput"
          id="lastName"
          name="lastName"
          onChange={[Function]}
          placeholder="lastNamePlaceholder"
          style={
            {
              "width": "calc(100% - 16px)",
            }
          }
          type="text"
          value=""
        />
      </div>
      <div
        className="grid-col-4 usa-form-group"
        data-testid="grid"
      >
        <label
          className="usa-label text-bold text-underline text-info-darker"
          data-testid="label"
          htmlFor="email"
        >
          emailLabel
        </label>
        <input
          className="usa-input"
          data-testid="textInput"
          id="email"
          name="email"
          onChange={[Function]}
          placeholder="emailPlaceholder"
          style={
            {
              "width": "calc(100% - 16px)",
            }
          }
          type="email"
          value=""
        />
      </div>
      <div
        className="grid-col-6 usa-form-group"
        data-testid="grid"
      >
        <label
          className="usa-label text-bold text-underline text-info-darker"
          data-testid="label"
          htmlFor="streetAddress1"
        >
          streetAddress1Label
        </label>
        <input
          className="usa-input"
          data-testid="textInput"
          id="streetAddress1"
          name="streetAddress1"
          onChange={[Function]}
          placeholder="streetAddress1Placeholder"
          style={
            {
              "width": "calc(100% - 16px)",
            }
          }
          type="text"
          value=""
        />
      </div>
      <div
        className="grid-col-6 usa-form-group"
        data-testid="grid"
      >
        <label
          className="usa-label text-bold text-underline text-info-darker"
          data-testid="label"
          htmlFor="streetAddress2"
        >
          streetAddress2Label
           
          <span
            className="text-italic"
          >
            - 
            optional
          </span>
        </label>
        <input
          className="usa-input"
          data-testid="textInput"
          id="streetAddress2"
          name="streetAddress2"
          onChange={[Function]}
          placeholder="streetAddress2Placeholder"
          style={
            {
              "width": "calc(100% - 16px)",
            }
          }
          type="text"
          value=""
        />
      </div>
      <div
        className="grid-col-4 usa-form-group"
        data-testid="grid"
      >
        <label
          className="usa-label text-bold text-underline text-info-darker"
          data-testid="label"
          htmlFor="city"
        >
          cityLabel
        </label>
        <input
          className="usa-input"
          data-testid="textInput"
          id="city"
          name="city"
          onChange={[Function]}
          placeholder="cityPlaceholder"
          style={
            {
              "width": "calc(100% - 16px)",
            }
          }
          type="text"
          value=""
        />
      </div>
      <div
        className="grid-col-4 usa-form-group"
        data-testid="grid"
      >
        <label
          className="usa-label text-bold text-underline text-info-darker"
          data-testid="label"
          htmlFor="state"
        >
          stateLabel
        </label>
        <select
          className="usa-select"
          data-testid="Select"
          id="state"
          name="state"
          onChange={[Function]}
          style={
            {
              "width": "calc(100% - 16px)",
            }
          }
          value=""
        >
          <option
            value=""
          >
            statePlaceholder
          </option>
          <option
            value="Alabama"
          >
            alabama
          </option>
          <option
            value="Alaska"
          >
            alaska
          </option>
          <option
            value="Arizona"
          >
            arizona
          </option>
          <option
            value="Arkansas"
          >
            arkansas
          </option>
          <option
            value="California"
          >
            california
          </option>
          <option
            value="Colorado"
          >
            colorado
          </option>
          <option
            value="Connecticut"
          >
            connecticut
          </option>
          <option
            value="Delaware"
          >
            delaware
          </option>
          <option
            value="District Of Columbia"
          >
            districtOfColumbia
          </option>
          <option
            value="Florida"
          >
            florida
          </option>
          <option
            value="Georgia"
          >
            georgia
          </option>
          <option
            value="Hawaii"
          >
            hawaii
          </option>
          <option
            value="Idaho"
          >
            idaho
          </option>
          <option
            value="Illinois"
          >
            illinois
          </option>
          <option
            value="Indiana"
          >
            indiana
          </option>
          <option
            value="Iowa"
          >
            iowa
          </option>
          <option
            value="Kansas"
          >
            kansas
          </option>
          <option
            value="Kentucky"
          >
            kentucky
          </option>
          <option
            value="Louisiana"
          >
            louisiana
          </option>
          <option
            value="Maine"
          >
            maine
          </option>
          <option
            value="Maryland"
          >
            maryland
          </option>
          <option
            value="Massachusetts"
          >
            massachusetts
          </option>
          <option
            value="Michigan"
          >
            michigan
          </option>
          <option
            value="Minnesota"
          >
            minnesota
          </option>
          <option
            value="Mississippi"
          >
            mississippi
          </option>
          <option
            value="Missouri"
          >
            missouri
          </option>
          <option
            value="Montana"
          >
            montana
          </option>
          <option
            value="Nebraska"
          >
            nebraska
          </option>
          <option
            value="Nevada"
          >
            nevada
          </option>
          <option
            value="New Hampshire"
          >
            newHampshire
          </option>
          <option
            value="New Jersey"
          >
            newJersey
          </option>
          <option
            value="New Mexico"
          >
            newMexico
          </option>
          <option
            value="New York"
          >
            newYork
          </option>
          <option
            value="North Carolina"
          >
            northCarolina
          </option>
          <option
            value="North Dakota"
          >
            northDakota
          </option>
          <option
            value="Ohio"
          >
            ohio
          </option>
          <option
            value="Oklahoma"
          >
            oklahoma
          </option>
          <option
            value="Oregon"
          >
            oregon
          </option>
          <option
            value="Pennsylvania"
          >
            pennsylvania
          </option>
          <option
            value="Rhode Island"
          >
            rhodeIsland
          </option>
          <option
            value="South Carolina"
          >
            southCarolina
          </option>
          <option
            value="South Dakota"
          >
            southDakota
          </option>
          <option
            value="Tennessee"
          >
            tennessee
          </option>
          <option
            value="Texas"
          >
            texas
          </option>
          <option
            value="Utah"
          >
            utah
          </option>
          <option
            value="Vermont"
          >
            vermont
          </option>
          <option
            value="Virginia"
          >
            virginia
          </option>
          <option
            value="Washington"
          >
            washington
          </option>
          <option
            value="West Virginia"
          >
            westVirginia
          </option>
          <option
            value="Wisconsin"
          >
            wisconsin
          </option>
          <option
            value="Wyoming"
          >
            wyoming
          </option>
        </select>
      </div>
      <div
        className="grid-col-4 usa-form-group"
        data-testid="grid"
      >
        <label
          className="usa-label text-bold text-underline text-info-darker"
          data-testid="label"
          htmlFor="zip"
        >
          zipLabel
        </label>
        <input
          className="usa-input"
          data-testid="textInput"
          id="zip"
          name="zip"
          onChange={[Function]}
          placeholder="Ex: 12345"
          style={
            {
              "width": "calc(100% - 16px)",
            }
          }
          type="text"
          value=""
        />
      </div>
      <div
        className="grid-col-4 usa-form-group"
        data-testid="grid"
      >
        <label
          className="usa-label text-bold text-underline text-info-darker"
          data-testid="label"
          htmlFor="ssn"
        >
          ssnLabel
        </label>
        <input
          className="usa-input"
          data-testid="textInput"
          id="ssn"
          maxLength={11}
          name="ssn"
          onChange={[Function]}
          pattern="\\d{3}-\\d{2}-\\d{4}"
          placeholder="123-45-6789"
          style={
            {
              "width": "calc(100% - 16px)",
            }
          }
          type="text"
          value=""
        />
      </div>
      <div
        className="grid-col-4 usa-form-group"
        data-testid="grid"
      >
        <label
          className="usa-label text-bold text-underline text-info-darker"
          data-testid="label"
          htmlFor="filingStatus"
        >
          filingStatusLabel
        </label>
        <select
          className="usa-select"
          data-testid="Select"
          id="filingStatus"
          name="filingStatus"
          onChange={[Function]}
          style={
            {
              "width": "calc(100% - 16px)",
            }
          }
          value=""
        >
          <option
            value=""
          >
            filingStatusPlaceholder
          </option>
          <option
            value="Single"
          >
            single
          </option>
          <option
            value="Married"
          >
            married
          </option>
          <option
            value="Married File Separate"
          >
            marriedFileSeparate
          </option>
        </select>
      </div>
      <div
        className="grid-col-4 usa-form-group"
        data-testid="grid"
      >
        <label
          className="usa-label text-bold text-underline text-info-darker"
          data-testid="label"
          htmlFor="dependents"
        >
          dependentsLabel
        </label>
        <input
          className="usa-input"
          data-testid="textInput"
          id="dependents"
          name="dependents"
          onChange={[Function]}
          placeholder="Ex: 0"
          style={
            {
              "width": "calc(100% - 16px)",
            }
          }
          type="number"
          value={0}
        />
      </div>
      <div
        className="grid-col-6 usa-form-group"
        data-testid="grid"
      >
        <label
          className="usa-label text-bold text-underline text-info-darker"
          data-testid="label"
          htmlFor="dateOfBirth"
        >
          dateOfBirthLabel
        </label>
        <div
          className="usa-memorable-date"
          data-testid="dateInputGroup"
        >
          <div
            className="usa-form-group usa-form-group--month usa-form-group--select"
            data-testid="formGroup"
          >
            <label
              className="usa-label"
              data-testid="label"
              htmlFor="month"
            >
              monthLabel
            </label>
            <select
              className="usa-select"
              data-testid="Select"
              id="month"
              name="month"
              onChange={[Function]}
              value=""
            >
              <option
                value=""
              >
                selectMonth
              </option>
              <option
                value="01"
              >
                january
              </option>
              <option
                value="02"
              >
                february
              </option>
              <option
                value="03"
              >
                march
              </option>
              <option
                value="04"
              >
                april
              </option>
              <option
                value="05"
              >
                may
              </option>
              <option
                value="06"
              >
                june
              </option>
              <option
                value="07"
              >
                july
              </option>
              <option
                value="08"
              >
                august
              </option>
              <option
                value="09"
              >
                september
              </option>
              <option
                value="10"
              >
                october
              </option>
              <option
                value="11"
              >
                november
              </option>
              <option
                value="12"
              >
                december
              </option>
            </select>
          </div>
          <div
            className="usa-form-group usa-form-group--day"
            data-testid="formGroup"
          >
            <label
              className="usa-label"
              data-testid="label"
              htmlFor="day"
            >
              Day
            </label>
            <input
              className="usa-input"
              data-testid="textInput"
              id="day"
              inputMode="numeric"
              maxLength={2}
              minLength={2}
              name="day"
              onChange={[Function]}
              pattern="[0-9]*"
              placeholder="Ex:7"
              style={
                {
                  "marginRight": "8px",
                }
              }
              type="text"
              value=""
            />
          </div>
          <div
            className="usa-form-group usa-form-group--year"
            data-testid="formGroup"
          >
            <label
              className="usa-label"
              data-testid="label"
              htmlFor="year"
            >
              Year
            </label>
            <input
              className="usa-input"
              data-testid="textInput"
              id="year"
              inputMode="numeric"
              maxLength={4}
              minLength={4}
              name="year"
              onChange={[Function]}
              pattern="[0-9]*"
              placeholder="Ex:2000"
              type="text"
              value=""
            />
          </div>
        </div>
      </div>
    </div>
  </div>
  <div
    className="grid-container"
    data-testid="gridContainer"
  >
    <div
      className="grid-row"
      data-testid="grid"
    >
      <div
        className="grid-col-12 usa-form-group"
        data-testid="grid"
      >
        <button
          className="usa-button usa-button--base"
          data-testid="button"
          onClick={[Function]}
          style={
            {
              "marginBottom": "20px",
            }
          }
          type="button"
        >
          homeButton
        </button>
        <button
          className="usa-button"
          data-testid="button"
          onClick={[Function]}
          type="button"
        >
          continueButton
        </button>
      </div>
    </div>
  </div>
</div>
`;
