// Jest Snapshot v1, https://goo.gl/fbAQLP

exports[`renders correctly 1`] = `
<div>
  <div>
    <div
      class="grid-container"
      data-testid="gridContainer"
    >
      <div
        class="grid-row"
        data-testid="grid"
      >
        <div
          class="grid-col-12"
          data-testid="grid"
        >
          <h1>
            reviewPageTitle
          </h1>
          <a
            href="/personal-info-form"
          >
            <h3>
              personalInformation
            </h3>
          </a>
        </div>
      </div>
      <div
        class="grid-row"
        data-testid="grid"
      >
        <div
          class="grid-col-3"
          data-testid="grid"
        >
          <label
            class="usa-label"
            data-testid="label"
            for="firstName"
          >
            firstNameLabel
          </label>
          <input
            class="usa-input"
            data-testid="textInput"
            id="firstName"
            name="firstName"
            readonly=""
            type="text"
            value=""
          />
        </div>
        <div
          class="grid-col-3"
          data-testid="grid"
        >
          <label
            class="usa-label"
            data-testid="label"
            for="lastName"
          >
            lastNameLabel
          </label>
          <input
            class="usa-input"
            data-testid="textInput"
            id="lastName"
            name="lastName"
            readonly=""
            type="text"
            value=""
          />
        </div>
        <div
          class="grid-col-3"
          data-testid="grid"
        >
          <label
            class="usa-label"
            data-testid="label"
            for="email"
          >
            emailLabel
          </label>
          <input
            class="usa-input"
            data-testid="textInput"
            id="email"
            name="email"
            readonly=""
            type="email"
            value=""
          />
        </div>
        <div
          class="grid-col-3"
          data-testid="grid"
        >
          <label
            class="usa-label"
            data-testid="label"
            for="streetAddress1"
          >
            streetAddress1Label
          </label>
          <input
            class="usa-input"
            data-testid="textInput"
            id="streetAddress1"
            name="streetAddress1"
            readonly=""
            type="text"
            value=""
          />
        </div>
      </div>
      <div
        class="grid-row"
        data-testid="grid"
      >
        <div
          class="grid-col-3"
          data-testid="grid"
        >
          <label
            class="usa-label"
            data-testid="label"
            for="streetAddress2"
          >
            streetAddress2Label
          </label>
          <input
            class="usa-input"
            data-testid="textInput"
            id="streetAddress2"
            name="streetAddress2"
            readonly=""
            type="text"
            value=""
          />
        </div>
        <div
          class="grid-col-3"
          data-testid="grid"
        >
          <label
            class="usa-label"
            data-testid="label"
            for="city"
          >
            cityLabel
          </label>
          <input
            class="usa-input"
            data-testid="textInput"
            id="city"
            name="city"
            readonly=""
            type="text"
            value=""
          />
        </div>
        <div
          class="grid-col-3"
          data-testid="grid"
        >
          <label
            class="usa-label"
            data-testid="label"
            for="state"
          >
            stateLabel
          </label>
          <input
            class="usa-input"
            data-testid="textInput"
            id="state"
            name="state"
            readonly=""
            type="text"
            value=""
          />
        </div>
        <div
          class="grid-col-3"
          data-testid="grid"
        >
          <label
            class="usa-label"
            data-testid="label"
            for="zip"
          >
            zipCodeLabel
          </label>
          <input
            class="usa-input"
            data-testid="textInput"
            id="zip"
            name="zip"
            readonly=""
            type="text"
            value=""
          />
        </div>
      </div>
      <div
        class="grid-row"
        data-testid="grid"
      >
        <div
          class="grid-col-3"
          data-testid="grid"
        >
          <label
            class="usa-label"
            data-testid="label"
            for="dateOfBirth"
          >
            dateOfBirthLabel
          </label>
          <input
            class="usa-input"
            data-testid="textInput"
            id="dateOfBirth"
            name="dateOfBirth"
            readonly=""
            type="text"
            value=""
          />
        </div>
        <div
          class="grid-col-3"
          data-testid="grid"
        >
          <label
            class="usa-label"
            data-testid="label"
            for="ssn"
          >
            ssnLabel
          </label>
          <input
            class="usa-input"
            data-testid="textInput"
            id="ssn"
            name="ssn"
            readonly=""
            type="text"
            value=""
          />
        </div>
        <div
          class="grid-col-3"
          data-testid="grid"
        >
          <label
            class="usa-label"
            data-testid="label"
            for="filingStatus"
          >
            filingStatusLabel
          </label>
          <input
            class="usa-input"
            data-testid="textInput"
            id="filingStatus"
            name="filingStatus"
            readonly=""
            type="text"
            value=""
          />
        </div>
        <div
          class="grid-col-3"
          data-testid="grid"
        >
          <label
            class="usa-label"
            data-testid="label"
            for="dependents"
          >
            dependentsLabel
          </label>
          <input
            class="usa-input"
            data-testid="textInput"
            id="dependents"
            name="dependents"
            readonly=""
            type="text"
            value=""
          />
        </div>
      </div>
    </div>
    <div
      class="grid-container"
      data-testid="gridContainer"
    >
      <div
        class="grid-row"
        data-testid="grid"
      >
        <div
          class="grid-col-12"
          data-testid="grid"
        >
          <a
            href="/w2-form"
          >
            <h3>
              w2Form
            </h3>
          </a>
        </div>
      </div>
      <div
        class="grid-row"
        data-testid="grid"
      >
        <div
          class="grid-col-3"
          data-testid="grid"
        >
          <label
            class="usa-label"
            data-testid="label"
            for="income"
          >
            incomeLabel
          </label>
          <input
            class="usa-input"
            data-testid="textInput"
            id="income"
            name="income"
            readonly=""
            type="text"
            value=""
          />
        </div>
        <div
          class="grid-col-3"
          data-testid="grid"
        >
          <label
            class="usa-label"
            data-testid="label"
            for="socialSecurityWages"
          >
            socialSecurityWagesLabel
          </label>
          <input
            class="usa-input"
            data-testid="textInput"
            id="socialSecurityWages"
            name="socialSecurityWages"
            readonly=""
            type="text"
            value=""
          />
        </div>
        <div
          class="grid-col-3"
          data-testid="grid"
        >
          <label
            class="usa-label"
            data-testid="label"
            for="socialSecurityTaxWithheld"
          >
            socialSecurityTaxWithheldLabel
          </label>
          <input
            class="usa-input"
            data-testid="textInput"
            id="socialSecurityTaxWithheld"
            name="socialSecurityTaxWithheld"
            readonly=""
            type="text"
            value=""
          />
        </div>
        <div
          class="grid-col-3"
          data-testid="grid"
        >
          <label
            class="usa-label"
            data-testid="label"
            for="federalIncomeWithheld"
          >
            federalIncomeWithheldLabel
          </label>
          <input
            class="usa-input"
            data-testid="textInput"
            id="federalIncomeWithheld"
            name="federalIncomeWithheld"
            readonly=""
            type="text"
            value=""
          />
        </div>
      </div>
    </div>
    <div
      class="grid-container"
      data-testid="gridContainer"
    >
      <div
        class="grid-row"
        data-testid="grid"
      >
        <div
          class="grid-col-12"
          data-testid="grid"
        >
          <a
            href="/int-1099-form"
          >
            <h3>
              int1099Form
            </h3>
          </a>
        </div>
      </div>
      <div
        class="grid-row"
        data-testid="grid"
      >
        <div
          class="grid-col-3"
          data-testid="grid"
        >
          <label
            class="usa-label"
            data-testid="label"
            for="payerName"
          >
            payerNameLabel
          </label>
          <input
            class="usa-input"
            data-testid="textInput"
            id="payerName"
            name="payerName"
            readonly=""
            type="text"
            value=""
          />
        </div>
        <div
          class="grid-col-3"
          data-testid="grid"
        >
          <label
            class="usa-label"
            data-testid="label"
            for="interestIncome"
          >
            interestIncomeLabel
          </label>
          <input
            class="usa-input"
            data-testid="textInput"
            id="interestIncome"
            name="interestIncome"
            readonly=""
            type="text"
            value=""
          />
        </div>
        <div
          class="grid-col-3"
          data-testid="grid"
        >
          <label
            class="usa-label"
            data-testid="label"
            for="federalIncomeTaxWithheld"
          >
            federalIncomeTaxWithheldLabel
          </label>
          <input
            class="usa-input"
            data-testid="textInput"
            id="federalIncomeTaxWithheld"
            name="federalIncomeTaxWithheld"
            readonly=""
            type="text"
            value=""
          />
        </div>
        <div
          class="grid-col-3"
          data-testid="grid"
        >
          <label
            class="usa-label"
            data-testid="label"
            for="investmentExpenses"
          >
            investmentExpensesLabel
          </label>
          <input
            class="usa-input"
            data-testid="textInput"
            id="investmentExpenses"
            name="investmentExpenses"
            readonly=""
            type="text"
            value=""
          />
        </div>
      </div>
    </div>
    <div
      style="margin-top: 20px; margin-bottom: 20px; justify-content: center;"
    >
      <button
        class="usa-button usa-button--base"
        data-testid="button"
        type="button"
      >
        backButton
      </button>
      <button
        class="usa-button"
        data-testid="button"
        type="button"
      >
        submitButton
      </button>
    </div>
  </div>
</div>
`;
