// Jest Snapshot v1, https://goo.gl/fbAQLP

exports[`renders correctly 1`] = `
<div>
  <h1>
    w2FormHeading
  </h1>
  <div
    className="grid-container"
    data-testid="gridContainer"
  >
    <div
      className="grid-row"
      data-testid="grid"
    >
      <div
        className="grid-col-2"
        data-testid="grid"
      />
      <div
        className="grid-col-4"
        data-testid="grid"
      >
        <label
          className="usa-label text-bold text-underline text-info-darker"
          data-testid="label"
          htmlFor="income"
        >
          incomeLabel
        </label>
        <input
          className="usa-input"
          data-testid="textInput"
          id="income"
          name="income"
          onChange={[Function]}
          placeholder="incomePlaceholder"
          style={
            {
              "width": "calc(100% - 16px)",
            }
          }
          type="number"
          value=""
        />
      </div>
      <div
        className="grid-col-4"
        data-testid="grid"
      >
        <label
          className="usa-label text-bold text-underline text-info-darker"
          data-testid="label"
          htmlFor="federalIncomeWithheld"
        >
          federalIncomeWithheldLabel
        </label>
        <input
          className="usa-input"
          data-testid="textInput"
          id="federalIncomeWithheld"
          name="federalIncomeWithheld"
          onChange={[Function]}
          placeholder="federalIncomeWithheldPlaceholder"
          style={
            {
              "width": "calc(100% - 16px)",
            }
          }
          type="number"
          value=""
        />
      </div>
      <div
        className="grid-col-2"
        data-testid="grid"
      />
      <div
        className="grid-col-2"
        data-testid="grid"
      />
      <div
        className="grid-col-4"
        data-testid="grid"
      >
        <label
          className="usa-label text-bold text-underline text-info-darker"
          data-testid="label"
          htmlFor="medicareWages"
        >
          medicareWagesLabel
        </label>
        <input
          className="usa-input"
          data-testid="textInput"
          id="medicareWages"
          name="medicareWages"
          onChange={[Function]}
          placeholder="medicareWagesPlaceholder"
          style={
            {
              "width": "calc(100% - 16px)",
            }
          }
          type="number"
          value=""
        />
      </div>
      <div
        className="grid-col-4"
        data-testid="grid"
      >
        <label
          className="usa-label text-bold text-underline text-info-darker"
          data-testid="label"
          htmlFor="medicareTaxWithheld"
        >
          medicareTaxWithheldLabel
        </label>
        <input
          className="usa-input"
          data-testid="textInput"
          id="medicareTaxWithheld"
          name="medicareTaxWithheld"
          onChange={[Function]}
          placeholder="medicareTaxWithheldPlaceholder"
          style={
            {
              "width": "calc(100% - 16px)",
            }
          }
          type="number"
          value=""
        />
      </div>
      <div
        className="grid-col-2"
        data-testid="grid"
      />
      <div
        className="grid-col-2"
        data-testid="grid"
      />
      <div
        className="grid-col-4"
        data-testid="grid"
      >
        <label
          className="usa-label text-bold text-underline text-info-darker"
          data-testid="label"
          htmlFor="socialSecurityWages"
        >
          socialSecurityWagesLabel
        </label>
        <input
          className="usa-input"
          data-testid="textInput"
          id="socialSecurityWages"
          name="socialSecurityWages"
          onChange={[Function]}
          placeholder="socialSecurityWagesPlaceholder"
          style={
            {
              "width": "calc(100% - 16px)",
            }
          }
          type="number"
          value=""
        />
      </div>
      <div
        className="grid-col-4"
        data-testid="grid"
      >
        <label
          className="usa-label text-bold text-underline text-info-darker"
          data-testid="label"
          htmlFor="socialSecurityTaxWithheld"
        >
          socialSecurityTaxWithheldLabel
        </label>
        <input
          className="usa-input"
          data-testid="textInput"
          id="socialSecurityTaxWithheld"
          name="socialSecurityTaxWithheld"
          onChange={[Function]}
          placeholder="socialSecurityTaxWithheldPlaceholder"
          style={
            {
              "width": "calc(100% - 16px)",
            }
          }
          type="number"
          value=""
        />
      </div>
      <div
        className="grid-col-2"
        data-testid="grid"
      />
      <div
        className="grid-col-2"
        data-testid="grid"
      />
      <div
        className="grid-col-4"
        data-testid="grid"
      >
        <label
          className="usa-label text-bold text-underline text-info-darker"
          data-testid="label"
          htmlFor="streetAddress1"
        >
          employerStreetAddress1Label
        </label>
        <input
          className="usa-input"
          data-testid="textInput"
          id="streetAddress1"
          name="streetAddress1"
          onChange={[Function]}
          placeholder="employerStreetAddress1Placeholder"
          style={
            {
              "width": "calc(100% - 16px)",
            }
          }
          type="text"
          value=""
        />
      </div>
      <div
        className="grid-col-4"
        data-testid="grid"
      >
        <label
          className="usa-label text-bold text-underline text-info-darker"
          data-testid="label"
          htmlFor="streetAddress2"
        >
          employerStreetAddress2Label
           
          <span
            className="text-italic"
          >
            - 
            optional
          </span>
        </label>
        <input
          className="usa-input"
          data-testid="textInput"
          id="streetAddress2"
          name="streetAddress2"
          onChange={[Function]}
          placeholder="employerStreetAddress2Placeholder"
          style={
            {
              "width": "calc(100% - 16px)",
            }
          }
          type="text"
          value=""
        />
      </div>
      <div
        className="grid-col-2"
        data-testid="grid"
      />
      <div
        className="grid-col-2"
        data-testid="grid"
      />
      <div
        className="grid-col-3"
        data-testid="grid"
      >
        <label
          className="usa-label text-bold text-underline text-info-darker"
          data-testid="label"
          htmlFor="city"
        >
          employerCityLabel
        </label>
        <input
          className="usa-input"
          data-testid="textInput"
          id="city"
          name="city"
          onChange={[Function]}
          placeholder="employerCityPlaceholder"
          style={
            {
              "width": "calc(100% - 16px)",
            }
          }
          type="text"
          value=""
        />
      </div>
      <div
        className="grid-col-3 usa-form-group"
        data-testid="grid"
      >
        <label
          className="usa-label text-bold text-underline text-info-darker"
          data-testid="label"
          htmlFor="state"
        >
          employerStateLabel
        </label>
        <select
          className="usa-select"
          data-testid="Select"
          id="state"
          name="state"
          onChange={[Function]}
          style={
            {
              "width": "calc(100% - 16px)",
            }
          }
          value=""
        >
          <option
            value=""
          >
            statePlaceholder
          </option>
          <option
            value="Alabama"
          >
            alabama
          </option>
          <option
            value="Alaska"
          >
            alaska
          </option>
          <option
            value="Arizona"
          >
            arizona
          </option>
          <option
            value="Arkansas"
          >
            arkansas
          </option>
          <option
            value="California"
          >
            california
          </option>
          <option
            value="Colorado"
          >
            colorado
          </option>
          <option
            value="Connecticut"
          >
            connecticut
          </option>
          <option
            value="Delaware"
          >
            delaware
          </option>
          <option
            value="District Of Columbia"
          >
            districtOfColumbia
          </option>
          <option
            value="Florida"
          >
            florida
          </option>
          <option
            value="Georgia"
          >
            georgia
          </option>
          <option
            value="Hawaii"
          >
            hawaii
          </option>
          <option
            value="Idaho"
          >
            idaho
          </option>
          <option
            value="Illinois"
          >
            illinois
          </option>
          <option
            value="Indiana"
          >
            indiana
          </option>
          <option
            value="Iowa"
          >
            iowa
          </option>
          <option
            value="Kansas"
          >
            kansas
          </option>
          <option
            value="Kentucky"
          >
            kentucky
          </option>
          <option
            value="Louisiana"
          >
            louisiana
          </option>
          <option
            value="Maine"
          >
            maine
          </option>
          <option
            value="Maryland"
          >
            maryland
          </option>
          <option
            value="Massachusetts"
          >
            massachusetts
          </option>
          <option
            value="Michigan"
          >
            michigan
          </option>
          <option
            value="Minnesota"
          >
            minnesota
          </option>
          <option
            value="Mississippi"
          >
            mississippi
          </option>
          <option
            value="Missouri"
          >
            missouri
          </option>
          <option
            value="Montana"
          >
            montana
          </option>
          <option
            value="Nebraska"
          >
            nebraska
          </option>
          <option
            value="Nevada"
          >
            nevada
          </option>
          <option
            value="New Hampshire"
          >
            newHampshire
          </option>
          <option
            value="New Jersey"
          >
            newJersey
          </option>
          <option
            value="New Mexico"
          >
            newMexico
          </option>
          <option
            value="New York"
          >
            newYork
          </option>
          <option
            value="North Carolina"
          >
            northCarolina
          </option>
          <option
            value="North Dakota"
          >
            northDakota
          </option>
          <option
            value="Ohio"
          >
            ohio
          </option>
          <option
            value="Oklahoma"
          >
            oklahoma
          </option>
          <option
            value="Oregon"
          >
            oregon
          </option>
          <option
            value="Pennsylvania"
          >
            pennsylvania
          </option>
          <option
            value="Rhode Island"
          >
            rhodeIsland
          </option>
          <option
            value="South Carolina"
          >
            southCarolina
          </option>
          <option
            value="South Dakota"
          >
            southDakota
          </option>
          <option
            value="Tennessee"
          >
            tennessee
          </option>
          <option
            value="Texas"
          >
            texas
          </option>
          <option
            value="Utah"
          >
            utah
          </option>
          <option
            value="Vermont"
          >
            vermont
          </option>
          <option
            value="Virginia"
          >
            virginia
          </option>
          <option
            value="Washington"
          >
            washington
          </option>
          <option
            value="West Virginia"
          >
            westVirginia
          </option>
          <option
            value="Wisconsin"
          >
            wisconsin
          </option>
          <option
            value="Wyoming"
          >
            wyoming
          </option>
        </select>
      </div>
      <div
        className="grid-col-2"
        data-testid="grid"
      >
        <label
          className="usa-label text-bold text-underline text-info-darker"
          data-testid="label"
          htmlFor="zip"
        >
          zipLabel
        </label>
        <input
          className="usa-input"
          data-testid="textInput"
          id="zip"
          name="zip"
          onChange={[Function]}
          placeholder="zipPlaceholder"
          style={
            {
              "width": "calc(100% - 16px)",
            }
          }
          type="text"
          value=""
        />
      </div>
    </div>
  </div>
  <div
    className="grid-container"
    data-testid="gridContainer"
  >
    <div
      className="grid-row"
      data-testid="grid"
    >
      <div
        className="grid-col-12"
        data-testid="grid"
      >
        <button
          className="usa-button usa-button--base"
          data-testid="button"
          onClick={[Function]}
          style={
            {
              "marginBottom": "20px",
              "marginTop": "20px",
            }
          }
          type="button"
        >
          backButton
        </button>
        <button
          className="usa-button"
          data-testid="button"
          onClick={[Function]}
          type="button"
        >
          continueButton
        </button>
      </div>
    </div>
  </div>
</div>
`;
