// Jest Snapshot v1, https://goo.gl/fbAQLP

exports[`renders correctly 1`] = `
<div>
  <h1>
    w2FormHeading
  </h1>
  <div
    className="grid-container"
    data-testid="gridContainer"
  >
    <div
      className="grid-row"
      data-testid="grid"
    >
      <div
        className="grid-col-2"
        data-testid="grid"
      />
      <div
        className="grid-col-4"
        data-testid="grid"
      >
        <label
          className="usa-label text-bold text-underline text-info-darker"
          data-testid="label"
          htmlFor="income"
        >
          incomeLabel
        </label>
        <input
          className="usa-input"
          data-testid="textInput"
          id="income"
          name="income"
          onChange={[Function]}
          placeholder="incomePlaceholder"
          style={
            {
              "width": "calc(100% - 16px)",
            }
          }
          type="number"
          value=""
        />
      </div>
      <div
        className="grid-col-4"
        data-testid="grid"
      >
        <label
          className="usa-label text-bold text-underline text-info-darker"
          data-testid="label"
          htmlFor="federalIncomeWithheld"
        >
          federalIncomeWithheldLabel
        </label>
        <input
          className="usa-input"
          data-testid="textInput"
          id="federalIncomeWithheld"
          name="federalIncomeWithheld"
          onChange={[Function]}
          placeholder="federalIncomeWithheldPlaceholder"
          style={
            {
              "width": "calc(100% - 16px)",
            }
          }
          type="number"
          value=""
        />
      </div>
      <div
        className="grid-col-2"
        data-testid="grid"
      />
      <div
        className="grid-col-2"
        data-testid="grid"
      />
      <div
        className="grid-col-4"
        data-testid="grid"
      >
        <label
          className="usa-label text-bold text-underline text-info-darker"
          data-testid="label"
          htmlFor="medicareWages"
        >
          medicareWagesLabel
        </label>
        <input
          className="usa-input"
          data-testid="textInput"
          id="medicareWages"
          name="medicareWages"
          onChange={[Function]}
          placeholder="medicareWagesPlaceholder"
          style={
            {
              "width": "calc(100% - 16px)",
            }
          }
          type="number"
          value=""
        />
      </div>
      <div
        className="grid-col-4"
        data-testid="grid"
      >
        <label
          className="usa-label text-bold text-underline text-info-darker"
          data-testid="label"
          htmlFor="medicareTaxWithheld"
        >
          medicareTaxWithheldLabel
        </label>
        <input
          className="usa-input"
          data-testid="textInput"
          id="medicareTaxWithheld"
          name="medicareTaxWithheld"
          onChange={[Function]}
          placeholder="medicareTaxWithheldPlaceholder"
          style={
            {
              "width": "calc(100% - 16px)",
            }
          }
          type="number"
          value=""
        />
      </div>
      <div
        className="grid-col-2"
        data-testid="grid"
      />
      <div
        className="grid-col-2"
        data-testid="grid"
      />
      <div
        className="grid-col-4"
        data-testid="grid"
      >
        <label
          className="usa-label text-bold text-underline text-info-darker"
          data-testid="label"
          htmlFor="socialSecurityWages"
        >
          socialSecurityWagesLabel
        </label>
        <input
          className="usa-input"
          data-testid="textInput"
          id="socialSecurityWages"
          name="socialSecurityWages"
          onChange={[Function]}
          placeholder="socialSecurityWagesPlaceholder"
          style={
            {
              "width": "calc(100% - 16px)",
            }
          }
          type="number"
          value=""
        />
      </div>
      <div
        className="grid-col-4"
        data-testid="grid"
      >
        <label
          className="usa-label text-bold text-underline text-info-darker"
          data-testid="label"
          htmlFor="socialSecurityTaxWithheld"
        >
          socialSecurityTaxWithheldLabel
        </label>
        <input
          className="usa-input"
          data-testid="textInput"
          id="socialSecurityTaxWithheld"
          name="socialSecurityTaxWithheld"
          onChange={[Function]}
          placeholder="socialSecurityTaxWithheldPlaceholder"
          style={
            {
              "width": "calc(100% - 16px)",
            }
          }
          type="number"
          value=""
        />
      </div>
      <div
        className="grid-col-2"
        data-testid="grid"
      />
      <div
        className="grid-col-2"
        data-testid="grid"
      />
      <div
        className="grid-col-4"
        data-testid="grid"
      >
        <label
          className="usa-label text-bold text-underline text-info-darker"
          data-testid="label"
          htmlFor="streetAddress1"
        >
          employerStreetAddress1Label
        </label>
        <input
          className="usa-input"
          data-testid="textInput"
          id="streetAddress1"
          name="streetAddress1"
          onChange={[Function]}
          placeholder="employerStreetAddress1Placeholder"
          style={
            {
              "width": "calc(100% - 16px)",
            }
          }
          type="text"
          value=""
        />
      </div>
      <div
        className="grid-col-4"
        data-testid="grid"
      >
        <label
          className="usa-label text-bold text-underline text-info-darker"
          data-testid="label"
          htmlFor="streetAddress2"
        >
          employerStreetAddress2Label
           
          <span
            className="text-italic"
          >
            - 
            optional
          </span>
        </label>
        <input
          className="usa-input"
          data-testid="textInput"
          id="streetAddress2"
          name="streetAddress2"
          onChange={[Function]}
          placeholder="employerStreetAddress2Placeholder"
          style={
            {
              "width": "calc(100% - 16px)",
            }
          }
          type="text"
          value=""
        />
      </div>
      <div
        className="grid-col-2"
        data-testid="grid"
      />
      <div
        className="grid-col-2"
        data-testid="grid"
      />
      <div
        className="grid-col-3"
        data-testid="grid"
      >
        <label
          className="usa-label text-bold text-underline text-info-darker"
          data-testid="label"
          htmlFor="city"
        >
          employerCityLabel
        </label>
        <input
          className="usa-input"
          data-testid="textInput"
          id="city"
          name="city"
          onChange={[Function]}
          placeholder="employerCityPlaceholder"
          style={
            {
              "width": "calc(100% - 16px)",
            }
          }
          type="text"
          value=""
        />
      </div>
      <div
        className="grid-col-3 usa-form-group"
        data-testid="grid"
      >
        <label
          className="usa-label text-bold text-underline text-info-darker"
          data-testid="label"
          htmlFor="state"
        >
          employerStateLabel
        </label>
        <select
          className="usa-select"
          data-testid="Select"
          id="state"
          name="state"
          onChange={[Function]}
          style={
            {
              "width": "calc(100% - 16px)",
            }
          }
          value=""
        >
          <option
            value=""
          >
            statePlaceholder
          </option>
          <option
            value="Alabama"
          >
            Alabama
          </option>
          <option
            value="Alaska"
          >
            Alaska
          </option>
          <option
            value="Arizona"
          >
            Arizona
          </option>
          <option
            value="Arkansas"
          >
            Arkansas
          </option>
          <option
            value="California"
          >
            California
          </option>
          <option
            value="Colorado"
          >
            Colorado
          </option>
          <option
            value="Connecticut"
          >
            Connecticut
          </option>
          <option
            value="Delaware"
          >
            Delaware
          </option>
          <option
            value="District Of Columbia"
          >
            District Of Columbia
          </option>
          <option
            value="Florida"
          >
            Florida
          </option>
          <option
            value="Georgia"
          >
            Georgia
          </option>
          <option
            value="Hawaii"
          >
            Hawaii
          </option>
          <option
            value="Idaho"
          >
            Idaho
          </option>
          <option
            value="Illinois"
          >
            Illinois
          </option>
          <option
            value="Indiana"
          >
            Indiana
          </option>
          <option
            value="Iowa"
          >
            Iowa
          </option>
          <option
            value="Kansas"
          >
            Kansas
          </option>
          <option
            value="Kentucky"
          >
            Kentucky
          </option>
          <option
            value="Louisiana"
          >
            Louisiana
          </option>
          <option
            value="Maine"
          >
            Maine
          </option>
          <option
            value="Maryland"
          >
            Maryland
          </option>
          <option
            value="Massachusetts"
          >
            Massachusetts
          </option>
          <option
            value="Michigan"
          >
            Michigan
          </option>
          <option
            value="Minnesota"
          >
            Minnesota
          </option>
          <option
            value="Mississippi"
          >
            Mississippi
          </option>
          <option
            value="Missouri"
          >
            Missouri
          </option>
          <option
            value="Montana"
          >
            Montana
          </option>
          <option
            value="Nebraska"
          >
            Nebraska
          </option>
          <option
            value="Nevada"
          >
            Nevada
          </option>
          <option
            value="New Hampshire"
          >
            New Hampshire
          </option>
          <option
            value="New Jersey"
          >
            New Jersey
          </option>
          <option
            value="New Mexico"
          >
            New Mexico
          </option>
          <option
            value="New York"
          >
            New York
          </option>
          <option
            value="North Carolina"
          >
            North Carolina
          </option>
          <option
            value="North Dakota"
          >
            North Dakota
          </option>
          <option
            value="Ohio"
          >
            Ohio
          </option>
          <option
            value="Oklahoma"
          >
            Oklahoma
          </option>
          <option
            value="Oregon"
          >
            Oregon
          </option>
          <option
            value="Pennsylvania"
          >
            Pennsylvania
          </option>
          <option
            value="Rhode Island"
          >
            Rhode Island
          </option>
          <option
            value="South Carolina"
          >
            South Carolina
          </option>
          <option
            value="South Dakota"
          >
            South Dakota
          </option>
          <option
            value="Tennessee"
          >
            Tennessee
          </option>
          <option
            value="Texas"
          >
            Texas
          </option>
          <option
            value="Utah"
          >
            Utah
          </option>
          <option
            value="Vermont"
          >
            Vermont
          </option>
          <option
            value="Virginia"
          >
            Virginia
          </option>
          <option
            value="Washington"
          >
            Washington
          </option>
          <option
            value="West Virginia"
          >
            West Virginia
          </option>
          <option
            value="Wisconsin"
          >
            Wisconsin
          </option>
          <option
            value="Wyoming"
          >
            Wyoming
          </option>
        </select>
      </div>
      <div
        className="grid-col-2"
        data-testid="grid"
      >
        <label
          className="usa-label text-bold text-underline text-info-darker"
          data-testid="label"
          htmlFor="zip"
        >
          zipLabel
        </label>
        <input
          className="usa-input"
          data-testid="textInput"
          id="zip"
          name="zip"
          onChange={[Function]}
          placeholder="zipPlaceholder"
          style={
            {
              "width": "calc(100% - 16px)",
            }
          }
          type="text"
          value=""
        />
      </div>
    </div>
  </div>
  <div
    className="grid-container"
    data-testid="gridContainer"
  >
    <div
      className="grid-row"
      data-testid="grid"
    >
      <div
        className="grid-col-12"
        data-testid="grid"
      >
        <button
          className="usa-button usa-button--base"
          data-testid="button"
          onClick={[Function]}
          style={
            {
              "marginBottom": "20px",
              "marginTop": "20px",
            }
          }
          type="button"
        >
          backButton
        </button>
        <button
          className="usa-button"
          data-testid="button"
          onClick={[Function]}
          type="button"
        >
          continueButton
        </button>
      </div>
    </div>
  </div>
</div>
`;
